difficultyLevel,avgCookTime
medium,50.0
hard,194.39
easy,23.08
